// Jest Snapshot v1, https://goo.gl/fbAQLP

exports[`Searchbar Snapshot Testing Renders Properly 1`] = `
<form
  className="searchbar"
  data-testid="searchbar"
>
  <span
    className="material-icons icon"
  >
    search
  </span>
  <input
    id="search-input"
    onChange={[Function]}
    placeholder="Search"
    type="text"
    value=""
  />
  <div
    className="buttons"
  >
    <span
      className="material-icons icon"
    >
      clear
    </span>
  </div>
</form>
`;
